#-----------------------------------------------------------
# Vivado v2018.1 (64-bit)
# SW Build 2188600 on Wed Apr  4 18:40:38 MDT 2018
# IP Build 2185939 on Wed Apr  4 20:55:05 MDT 2018
# Start of session at: Thu Oct  1 20:37:29 2020
# Process ID: 17884
# Current directory: C:/Users/Sankar/Desktop/final proj/recover without pipelining/recovertest1
# Command line: vivado.exe -gui_launcher_event rodinguilauncherevent8920 C:\Users\Sankar\Desktop\final proj\recover without pipelining\recovertest1\recovertest1.xpr
# Log file: C:/Users/Sankar/Desktop/final proj/recover without pipelining/recovertest1/vivado.log
# Journal file: C:/Users/Sankar/Desktop/final proj/recover without pipelining/recovertest1\vivado.jou
#-----------------------------------------------------------
start_gui
open_project {C:/Users/Sankar/Desktop/final proj/recover without pipelining/recovertest1/recovertest1.xpr}
update_compile_order -fileset sources_1
move_files -fileset sim_1 [get_files  {{C:/Users/Sankar/Desktop/final proj/recover without pipelining/recovunit_dp.v}}]
update_compile_order -fileset sim_1
move_files [get_files  {{C:/Users/Sankar/Desktop/final proj/recover without pipelining/recovunit_dp.v}}]
update_compile_order -fileset sources_1
